// Jest Snapshot v1, https://goo.gl/fbAQLP

exports[`Button snapshot 1`] = `
<DocumentFragment>
  <button
    class="spectrum-Button spectrum-Button--cta spectrum-Button--sizeM"
  />
</DocumentFragment>
`;
