// Jest Snapshot v1, https://goo.gl/fbAQLP

exports[`Header snapshot 1`] = `
<DocumentFragment>
  <div
    class="container"
  >
    <h1
      class="spectrum-Heading spectrum-Heading--sizeXXL"
    >
      Todo
    </h1>
  </div>
</DocumentFragment>
`;
