// Jest Snapshot v1, https://goo.gl/fbAQLP

exports[`InputText snapshot 1`] = `
<DocumentFragment>
  <div
    class="spectrum-Textfield"
  >
    <input
      class="spectrum-Textfield-input"
      type="text"
    />
  </div>
</DocumentFragment>
`;
