// Jest Snapshot v1, https://goo.gl/fbAQLP

exports[`Page snapshot 1`] = `
<DocumentFragment>
  <div
    class="spectrum spectrum--medium spectrum--light"
  />
</DocumentFragment>
`;
