// Jest Snapshot v1, https://goo.gl/fbAQLP

exports[`App snapshot 1`] = `
<DocumentFragment>
  <div
    class="container"
  >
    <div
      class="container"
    >
      <h1
        class="title"
      >
        Todo
      </h1>
    </div>
    <input
      type="text"
      value=""
    />
    <button>
      Add
    </button>
    <div>
      <ul />
    </div>
  </div>
</DocumentFragment>
`;
